PS C:\Users\Shofia Soto\Programas\PrimerParcialEsDatos> git init
Initialized empty Git repository in C:/Users/Shofia Soto/Programas/PrimerParcialEsDatos/.git/
PS C:\Users\Shofia Soto\Programas\PrimerParcialEsDatos> git commit -m "primer commit"
On branch master

Initial commit

Untracked files:
  (use "git add <file>..." to include in what will be committed)
        PlataformaConsola.java

nothing added to commit but untracked files present (use "git add" to track)
PS C:\Users\Shofia Soto\Programas\PrimerParcialEsDatos> git add PlataformaConsola.java
warning: in the working copy of 'PlataformaConsola.java', LF will be replaced by CRLF the next time Git touches it
PS C:\Users\Shofia Soto\Programas\PrimerParcialEsDatos> git commit -m "primer commit" 
[master (root-commit) 39cd63e] primer commit

Untracked files:
  (use "git add <file>..." to include in what will be committed)
        PlataformaConsola.java

nothing added to commit but untracked files present (use "git add" to track)
PS C:\Users\Shofia Soto\Programas\PrimerParcialEsDatos> git add PlataformaConsola.java
warning: in the working copy of 'PlataformaConsola.java', LF will be replaced by CRLF the next time Git touches it
PS C:\Users\Shofia Soto\Programas\PrimerParcialEsDatos> git commit -m "primer commit"
[master (root-commit) 39cd63e] primer commit
        PlataformaConsola.java

nothing added to commit but untracked files present (use "git add" to track)
PS C:\Users\Shofia Soto\Programas\PrimerParcialEsDatos> git add PlataformaConsola.java
warning: in the working copy of 'PlataformaConsola.java', LF will be replaced by CRLF the next time Git touches it
PS C:\Users\Shofia Soto\Programas\PrimerParcialEsDatos> git commit -m "primer commit"
[master (root-commit) 39cd63e] primer commit
PS C:\Users\Shofia Soto\Programas\PrimerParcialEsDatos> git add PlataformaConsola.java
warning: in the working copy of 'PlataformaConsola.java', LF will be replaced by CRLF the next time Git touches it
PS C:\Users\Shofia Soto\Programas\PrimerParcialEsDatos> git commit -m "primer commit"
[master (root-commit) 39cd63e] primer commit
 1 file changed, 181 insertions(+)
 create mode 100644 PlataformaConsola.java
PS C:\Users\Shofia Soto\Programas\PrimerParcialEsDatos> git branch -M main
PS C:\Users\Shofia Soto\Programas\PrimerParcialEsDatos> git remote add origin https://github.com/ShofiSo/Primer-Parcial.git
PS C:\Users\Shofia Soto\Programas\PrimerParcialEsDatos> git push -u origin main
PS C:\Users\Shofia Soto\Programas\PrimerParcialEsDatos> git commit -m "primer commit"
[master (root-commit) 39cd63e] primer commit
 1 file changed, 181 insertions(+)
 create mode 100644 PlataformaConsola.java
PS C:\Users\Shofia Soto\Programas\PrimerParcialEsDatos> git branch -M main
PS C:\Users\Shofia Soto\Programas\PrimerParcialEsDatos> git remote add origin https://github.com/ShofiSo/Primer-Parcial.git
PS C:\Users\Shofia Soto\Programas\PrimerParcialEsDatos> git push -u origin main
 1 file changed, 181 insertions(+)
 create mode 100644 PlataformaConsola.java
PS C:\Users\Shofia Soto\Programas\PrimerParcialEsDatos> git branch -M main
PS C:\Users\Shofia Soto\Programas\PrimerParcialEsDatos> git remote add origin https://github.com/ShofiSo/Primer-Parcial.git
PS C:\Users\Shofia Soto\Programas\PrimerParcialEsDatos> git push -u origin main
info: please complete authentication in your browser...
Enumerating objects: 3, done.
Counting objects: 100% (3/3), done.
PS C:\Users\Shofia Soto\Programas\PrimerParcialEsDatos> git push -u origin main
info: please complete authentication in your browser...
Enumerating objects: 3, done.
Counting objects: 100% (3/3), done.
info: please complete authentication in your browser...
Enumerating objects: 3, done.
Counting objects: 100% (3/3), done.
Delta compression using up to 8 threads
Compressing objects: 100% (3/3), done.
Writing objects: 100% (3/3), 1.82 KiB | 1.82 MiB/s, done.
Counting objects: 100% (3/3), done.
Delta compression using up to 8 threads
Compressing objects: 100% (3/3), done.
Writing objects: 100% (3/3), 1.82 KiB | 1.82 MiB/s, done.
Delta compression using up to 8 threads
Compressing objects: 100% (3/3), done.
Writing objects: 100% (3/3), 1.82 KiB | 1.82 MiB/s, done.
Total 3 (delta 0), reused 0 (delta 0), pack-reused 0 (from 0)
Writing objects: 100% (3/3), 1.82 KiB | 1.82 MiB/s, done.
Total 3 (delta 0), reused 0 (delta 0), pack-reused 0 (from 0)
Total 3 (delta 0), reused 0 (delta 0), pack-reused 0 (from 0)
To https://github.com/ShofiSo/Primer-Parcial.git
 * [new branch]      main -> main
branch 'main' set up to track 'origin/main'.
PS C:\Users\Shofia Soto\Programas\PrimerParcialEsDatos>
PS C:\Users\Shofia Soto\Programas\PrimerParcialEsDatos> git commit -m "segundo commit" 
On branch main
Your branch is up to date with 'origin/main'.

Changes not staged for commit:
  (use "git add <file>..." to update what will be committed)
  (use "git restore <file>..." to discard changes in working directory)
        modified:   PlataformaConsola.java

Untracked files:
  (use "git add <file>..." to include in what will be committed)
        Pruebadegit.txt

no changes added to commit (use "git add" and/or "git commit -a")
PS C:\Users\Shofia Soto\Programas\PrimerParcialEsDatos> git add .                     
warning: in the working copy of 'PlataformaConsola.java', LF will be replaced by CRLF the next time Git touches it
warning: in the working copy of 'Pruebadegit.txt', LF will be replaced by CRLF the next time Git touches it
PS C:\Users\Shofia Soto\Programas\PrimerParcialEsDatos> git commit -m "segundo commit"
[main 53c82d9] segundo commit
 2 files changed, 83 insertions(+)
 create mode 100644 Pruebadegit.txt
PS C:\Users\Shofia Soto\Programas\PrimerParcialEsDatos> git branch -M main
PS C:\Users\Shofia Soto\Programas\PrimerParcialEsDatos> git push -u origin main
Enumerating objects: 6, done.
Counting objects: 100% (6/6), done.
Delta compression using up to 8 threads
Compressing objects: 100% (4/4), done.
Writing objects: 100% (4/4), 1.01 KiB | 1.01 MiB/s, done.
Total 4 (delta 1), reused 0 (delta 0), pack-reused 0 (from 0)
remote: Resolving deltas: 100% (1/1), completed with 1 local object.
To https://github.com/ShofiSo/Primer-Parcial.git
   39cd63e..53c82d9  main -> main
branch 'main' set up to track 'origin/main'.
PS C:\Users\Shofia Soto\Programas\PrimerParcialEsDatos>