PS C:\Users\Shofia Soto\Programas\PrimerParcialEsDatos> git init
Initialized empty Git repository in C:/Users/Shofia Soto/Programas/PrimerParcialEsDatos/.git/
PS C:\Users\Shofia Soto\Programas\PrimerParcialEsDatos> git commit -m "primer commit"
On branch master

Initial commit

Untracked files:
  (use "git add <file>..." to include in what will be committed)
        PlataformaConsola.java

nothing added to commit but untracked files present (use "git add" to track)
PS C:\Users\Shofia Soto\Programas\PrimerParcialEsDatos> git add PlataformaConsola.java
warning: in the working copy of 'PlataformaConsola.java', LF will be replaced by CRLF the next time Git touches it
PS C:\Users\Shofia Soto\Programas\PrimerParcialEsDatos> git commit -m "primer commit" 
[master (root-commit) 39cd63e] primer commit

Untracked files:
  (use "git add <file>..." to include in what will be committed)
        PlataformaConsola.java

nothing added to commit but untracked files present (use "git add" to track)
PS C:\Users\Shofia Soto\Programas\PrimerParcialEsDatos> git add PlataformaConsola.java
warning: in the working copy of 'PlataformaConsola.java', LF will be replaced by CRLF the next time Git touches it
PS C:\Users\Shofia Soto\Programas\PrimerParcialEsDatos> git commit -m "primer commit"
[master (root-commit) 39cd63e] primer commit
        PlataformaConsola.java

nothing added to commit but untracked files present (use "git add" to track)
PS C:\Users\Shofia Soto\Programas\PrimerParcialEsDatos> git add PlataformaConsola.java
warning: in the working copy of 'PlataformaConsola.java', LF will be replaced by CRLF the next time Git touches it
PS C:\Users\Shofia Soto\Programas\PrimerParcialEsDatos> git commit -m "primer commit"
[master (root-commit) 39cd63e] primer commit
PS C:\Users\Shofia Soto\Programas\PrimerParcialEsDatos> git add PlataformaConsola.java
warning: in the working copy of 'PlataformaConsola.java', LF will be replaced by CRLF the next time Git touches it
PS C:\Users\Shofia Soto\Programas\PrimerParcialEsDatos> git commit -m "primer commit"
[master (root-commit) 39cd63e] primer commit
 1 file changed, 181 insertions(+)
 create mode 100644 PlataformaConsola.java
PS C:\Users\Shofia Soto\Programas\PrimerParcialEsDatos> git branch -M main
PS C:\Users\Shofia Soto\Programas\PrimerParcialEsDatos> git remote add origin https://github.com/ShofiSo/Primer-Parcial.git
PS C:\Users\Shofia Soto\Programas\PrimerParcialEsDatos> git push -u origin main
PS C:\Users\Shofia Soto\Programas\PrimerParcialEsDatos> git commit -m "primer commit"
[master (root-commit) 39cd63e] primer commit
 1 file changed, 181 insertions(+)
 create mode 100644 PlataformaConsola.java
PS C:\Users\Shofia Soto\Programas\PrimerParcialEsDatos> git branch -M main
PS C:\Users\Shofia Soto\Programas\PrimerParcialEsDatos> git remote add origin https://github.com/ShofiSo/Primer-Parcial.git
PS C:\Users\Shofia Soto\Programas\PrimerParcialEsDatos> git push -u origin main
 1 file changed, 181 insertions(+)
 create mode 100644 PlataformaConsola.java
PS C:\Users\Shofia Soto\Programas\PrimerParcialEsDatos> git branch -M main
PS C:\Users\Shofia Soto\Programas\PrimerParcialEsDatos> git remote add origin https://github.com/ShofiSo/Primer-Parcial.git
PS C:\Users\Shofia Soto\Programas\PrimerParcialEsDatos> git push -u origin main
info: please complete authentication in your browser...
Enumerating objects: 3, done.
Counting objects: 100% (3/3), done.
PS C:\Users\Shofia Soto\Programas\PrimerParcialEsDatos> git push -u origin main
info: please complete authentication in your browser...
Enumerating objects: 3, done.
Counting objects: 100% (3/3), done.
info: please complete authentication in your browser...
Enumerating objects: 3, done.
Counting objects: 100% (3/3), done.
Delta compression using up to 8 threads
Compressing objects: 100% (3/3), done.
Writing objects: 100% (3/3), 1.82 KiB | 1.82 MiB/s, done.
Counting objects: 100% (3/3), done.
Delta compression using up to 8 threads
Compressing objects: 100% (3/3), done.
Writing objects: 100% (3/3), 1.82 KiB | 1.82 MiB/s, done.
Delta compression using up to 8 threads
Compressing objects: 100% (3/3), done.
Writing objects: 100% (3/3), 1.82 KiB | 1.82 MiB/s, done.
Total 3 (delta 0), reused 0 (delta 0), pack-reused 0 (from 0)
Writing objects: 100% (3/3), 1.82 KiB | 1.82 MiB/s, done.
Total 3 (delta 0), reused 0 (delta 0), pack-reused 0 (from 0)
Total 3 (delta 0), reused 0 (delta 0), pack-reused 0 (from 0)
To https://github.com/ShofiSo/Primer-Parcial.git
 * [new branch]      main -> main
branch 'main' set up to track 'origin/main'.
PS C:\Users\Shofia Soto\Programas\PrimerParcialEsDatos>